#-----------------------------------------------------------
# updatemem v2017.2 (64-bit)
# SW Build 1909853 on Thu Jun 15 18:39:09 MDT 2017
# 
# Start of session at: Thu Feb  8 16:59:36 2018
# Process ID: 8088
# Current directory: C:/SharedProjects/Sadias_Directory/BERT/project_3
# Command line: updatemem.exe -mode batch -source C:/Xilinx/SDK/2017.2/scripts/updatemem/main.tcl -notrace -tclargs -meminfo C:/SharedProjects/Sadias_Directory/BERT/project_3/project_3.sdk/design_1_wrapper_hw_platform_0/design_1_wrapper.mmi -data C:/Xilinx/SDK/2017.2/data/embeddedsw/lib/microblaze/mb_bootloop_le.elf -proc design_1_i/h_microblaze/microblaze_0 -bit C:/SharedProjects/Sadias_Directory/BERT/project_3/project_3.sdk/design_1_wrapper_hw_platform_0/design_1_wrapper.bit -out C:/SharedProjects/Sadias_Directory/BERT/project_3/project_3.sdk/design_1_wrapper_hw_platform_0/download.bit -force
# Log file: C:/SharedProjects/Sadias_Directory/BERT/project_3/updatemem.log
# Journal file: C:/SharedProjects/Sadias_Directory/BERT/project_3\updatemem.jou
#-----------------------------------------------------------
source C:/Xilinx/SDK/2017.2/scripts/updatemem/main.tcl -notrace
