Copyright 1986-2017 Xilinx, Inc. All Rights Reserved.
---------------------------------------------------------------------------------------------
| Tool Version : Vivado v.2017.2 (win64) Build 1909853 Thu Jun 15 18:39:09 MDT 2017
| Date         : Thu Feb  8 15:13:49 2018
| Host         : PHSX-79FJZ32 running 64-bit Service Pack 1  (build 7601)
| Command      : report_control_sets -verbose -file design_1_wrapper_control_sets_placed.rpt
| Design       : design_1_wrapper
| Device       : xc7vx485t
---------------------------------------------------------------------------------------------

Control Set Information

Table of Contents
-----------------
1. Summary
2. Flip-Flop Distribution
3. Detailed Control Set Information

1. Summary
----------

+----------------------------------------------------------+-------+
|                          Status                          | Count |
+----------------------------------------------------------+-------+
| Number of unique control sets                            |   105 |
| Unused register locations in slices containing registers |   315 |
+----------------------------------------------------------+-------+


2. Flip-Flop Distribution
-------------------------

+--------------+-----------------------+------------------------+-----------------+--------------+
| Clock Enable | Synchronous Set/Reset | Asynchronous Set/Reset | Total Registers | Total Slices |
+--------------+-----------------------+------------------------+-----------------+--------------+
| No           | No                    | No                     |             423 |          132 |
| No           | No                    | Yes                    |              61 |           17 |
| No           | Yes                   | No                     |             406 |          158 |
| Yes          | No                    | No                     |             271 |           72 |
| Yes          | No                    | Yes                    |              20 |            9 |
| Yes          | Yes                   | No                     |             952 |          319 |
+--------------+-----------------------+------------------------+-----------------+--------------+


3. Detailed Control Set Information
-----------------------------------

+--------------------------------------------------------------------------+----------------------------------------------------------------------------------------------------------------------------------------------------------------------------------------------------------------------+-------------------------------------------------------------------------------------------------------------------------------------------------------------------+------------------+----------------+
|                               Clock Signal                               |                                                                                                     Enable Signal                                                                                                    |                                                                          Set/Reset Signal                                                                         | Slice Load Count | Bel Load Count |
+--------------------------------------------------------------------------+----------------------------------------------------------------------------------------------------------------------------------------------------------------------------------------------------------------------+-------------------------------------------------------------------------------------------------------------------------------------------------------------------+------------------+----------------+
|  design_1_i/clk_wiz_1/inst/ublaze_clk                                    |                                                                                                                                                                                                                      | design_1_i/h_microblaze/microblaze_0/U0/MicroBlaze_Core_I/Performance.Core/Use_Debug_Logic.Master_Core.Debug_Perf/capture_1                                       |                1 |              1 |
|  design_1_i/h_microblaze/mdm_1/U0/Use_E2.BSCAN_I/Ext_JTAG_UPDATE         | design_1_i/h_microblaze/microblaze_0/U0/MicroBlaze_Core_I/Performance.Core/Use_Debug_Logic.Master_Core.Debug_Perf/Control_Reg_En                                                                                     | design_1_i/h_microblaze/microblaze_0/U0/MicroBlaze_Core_I/Performance.Core/Use_Debug_Logic.Master_Core.Debug_Perf/Serial_Dbg_Intf.normal_stop_cmd_i_reg_n_0       |                1 |              1 |
|  design_1_i/h_microblaze/mdm_1/U0/No_Dbg_Reg_Access.BUFG_DRCK/Dbg_Clk_31 | design_1_i/h_microblaze/mdm_1/U0/Use_E2.BSCAN_I/Dbg_Capture_0                                                                                                                                                        | design_1_i/h_microblaze/mdm_1/U0/MDM_Core_I1/JTAG_CONTROL_I/sel_reset                                                                                             |                1 |              1 |
|  design_1_i/h_microblaze/mdm_1/U0/Use_E2.BSCAN_I/Ext_JTAG_UPDATE         | design_1_i/h_microblaze/microblaze_0/U0/MicroBlaze_Core_I/Performance.Core/Use_Debug_Logic.Master_Core.Debug_Perf/Control_Reg_En                                                                                     | design_1_i/h_microblaze/microblaze_0/U0/MicroBlaze_Core_I/Performance.Core/Use_Debug_Logic.Master_Core.Debug_Perf/Performace_Debug_Control.force_stop_cmd_1_reg_0 |                1 |              1 |
|  design_1_i/h_microblaze/mdm_1/U0/Use_E2.BSCAN_I/Ext_JTAG_UPDATE         | design_1_i/h_microblaze/microblaze_0/U0/MicroBlaze_Core_I/Performance.Core/Use_Debug_Logic.Master_Core.Debug_Perf/Control_Reg_En                                                                                     | design_1_i/h_microblaze/microblaze_0/U0/MicroBlaze_Core_I/Performance.Core/Use_Debug_Logic.Master_Core.Debug_Perf/Serial_Dbg_Intf.continue_from_brk_reg_n_0       |                1 |              1 |
|  design_1_i/clk_wiz_1/inst/ublaze_clk                                    | design_1_i/h_microblaze/microblaze_0/U0/MicroBlaze_Core_I/Performance.Core/Decode_I/Use_MuxCy[10].OF_Piperun_Stage/MUXCY_I/lopt_1                                                                                    |                                                                                                                                                                   |                1 |              1 |
|  design_1_i/clk_wiz_1/inst/ublaze_clk                                    |                                                                                                                                                                                                                      | design_1_i/h_microblaze/axi_timer_0/U0/AXI4_LITE_I/I_SLAVE_ATTACHMENT/I_DECODER/TCSR1_GENERATE[23].TCSR1_FF_I                                                     |                1 |              1 |
|  design_1_i/clk_wiz_1/inst/ublaze_clk                                    |                                                                                                                                                                                                                      | design_1_i/h_microblaze/axi_timer_0/U0/AXI4_LITE_I/I_SLAVE_ATTACHMENT/I_DECODER/TCSR0_GENERATE[23].TCSR0_FF_I_0                                                   |                1 |              1 |
|  design_1_i/clk_wiz_1/inst/ublaze_clk                                    | design_1_i/h_microblaze/microblaze_0/U0/MicroBlaze_Core_I/Performance.Core/Decode_I/Use_MuxCy[2].OF_Piperun_Stage/MUXCY_I/lopt_1                                                                                     |                                                                                                                                                                   |                1 |              1 |
|  design_1_i/clk_wiz_1/inst/clk90                                         |                                                                                                                                                                                                                      | design_1_i/util_vector_logic_0/Res[0]                                                                                                                             |                1 |              1 |
|  design_1_i/clk_wiz_1/inst/notclk90                                      |                                                                                                                                                                                                                      | design_1_i/util_vector_logic_0/Res[0]                                                                                                                             |                1 |              1 |
|  design_1_i/h_microblaze/mdm_1/U0/Use_E2.BSCAN_I/Ext_JTAG_UPDATE         | design_1_i/h_microblaze/microblaze_0/U0/MicroBlaze_Core_I/Performance.Core/Use_Debug_Logic.Master_Core.Debug_Perf/Control_Reg_En                                                                                     | design_1_i/h_microblaze/microblaze_0/U0/MicroBlaze_Core_I/Performance.Core/Use_Debug_Logic.Master_Core.Debug_Perf/start_single_step_reg_n_0                       |                1 |              1 |
| ~design_1_i/h_microblaze/mdm_1/U0/Use_E2.BSCAN_I/Ext_JTAG_UPDATE         |                                                                                                                                                                                                                      | design_1_i/h_microblaze/mdm_1/U0/MDM_Core_I1/JTAG_CONTROL_I/sel_n                                                                                                 |                1 |              1 |
| ~design_1_i/h_microblaze/mdm_1/U0/No_Dbg_Reg_Access.BUFG_DRCK/Dbg_Clk_31 | design_1_i/h_microblaze/mdm_1/U0/MDM_Core_I1/JTAG_CONTROL_I/Use_BSCAN.FDC_I/CE                                                                                                                                       | design_1_i/h_microblaze/mdm_1/U0/MDM_Core_I1/JTAG_CONTROL_I/Use_BSCAN.FDC_I/D_1                                                                                   |                1 |              1 |
|  design_1_i/clk_wiz_1/inst/ublaze_clk                                    |                                                                                                                                                                                                                      | design_1_i/h_microblaze/microblaze_0_axi_intc/U0/INTC_CORE_I/p_14_out                                                                                             |                1 |              1 |
|  design_1_i/clk_wiz_1/inst/ublaze_clk                                    |                                                                                                                                                                                                                      | design_1_i/h_microblaze/microblaze_0_axi_intc/U0/INTC_CORE_I/p_13_out                                                                                             |                1 |              1 |
|  design_1_i/clk_wiz_1/inst/ublaze_clk                                    |                                                                                                                                                                                                                      | design_1_i/h_microblaze/microblaze_0/U0/MicroBlaze_Core_I/Performance.Core/Decode_I/dbg_stop_i                                                                    |                1 |              1 |
|  design_1_i/clk_wiz_1/inst/ublaze_clk                                    |                                                                                                                                                                                                                      | design_1_i/h_microblaze/microblaze_0/U0/MicroBlaze_Core_I/Performance.Core/Decode_I/flush_pipe                                                                    |                1 |              1 |
|  design_1_i/clk_wiz_1/inst/notclk                                        |                                                                                                                                                                                                                      | design_1_i/util_vector_logic_0/Res[0]                                                                                                                             |                2 |              2 |
|  design_1_i/h_microblaze/mdm_1/U0/Use_E2.BSCAN_I/Ext_JTAG_UPDATE         | design_1_i/h_microblaze/microblaze_0/U0/MicroBlaze_Core_I/Performance.Core/Use_Debug_Logic.Master_Core.Debug_Perf/Command_Reg_En                                                                                     | design_1_i/h_microblaze/microblaze_0/U0/MicroBlaze_Core_I/Performance.Core/Use_Debug_Logic.Master_Core.Debug_Perf/command_reg_clear                               |                1 |              2 |
|  design_1_i/h_microblaze/mdm_1/U0/Use_E2.BSCAN_I/Ext_JTAG_UPDATE         |                                                                                                                                                                                                                      |                                                                                                                                                                   |                1 |              3 |
|  design_1_i/clk_wiz_1/inst/ublaze_clk                                    |                                                                                                                                                                                                                      | design_1_i/axi_gpio_0/U0/AXI_LITE_IPIF_I/I_SLAVE_ATTACHMENT/clear                                                                                                 |                1 |              4 |
|  design_1_i/clk_wiz_1/inst/ublaze_clk                                    | design_1_i/h_microblaze/axi_uartlite_0/U0/AXI_LITE_IPIF_I/I_SLAVE_ATTACHMENT/start2                                                                                                                                  | design_1_i/h_microblaze/axi_uartlite_0/U0/AXI_LITE_IPIF_I/I_SLAVE_ATTACHMENT/I_DECODER/cs_ce_clr                                                                  |                1 |              4 |
|  design_1_i/clk_wiz_1/inst/ublaze_clk                                    |                                                                                                                                                                                                                      | design_1_i/h_microblaze/axi_timer_0/U0/TC_CORE_I/GEN_SECOND_TIMER.COUNTER_1_I/COUNTER_I/SR[0]                                                                     |                1 |              4 |
|  design_1_i/h_microblaze/mdm_1/U0/Use_E2.BSCAN_I/Ext_JTAG_UPDATE         | design_1_i/h_microblaze/mdm_1/U0/MDM_Core_I1/MDM_SEL                                                                                                                                                                 | design_1_i/h_microblaze/mdm_1/U0/Use_E2.BSCAN_I/AR[0]                                                                                                             |                1 |              4 |
|  design_1_i/clk_wiz_1/inst/ublaze_clk                                    | design_1_i/h_microblaze/axi_uartlite_0/U0/UARTLITE_CORE_I/BAUD_RATE_I/en_16x_Baud                                                                                                                                    |                                                                                                                                                                   |                2 |              4 |
|  design_1_i/clk_wiz_1/inst/ublaze_clk                                    | design_1_i/axi_gpio_0/U0/AXI_LITE_IPIF_I/I_SLAVE_ATTACHMENT/start2_i_1_n_0                                                                                                                                           | design_1_i/axi_gpio_0/U0/AXI_LITE_IPIF_I/I_SLAVE_ATTACHMENT/bus2ip_rnw_i_reg_0                                                                                    |                2 |              4 |
|  design_1_i/clk_wiz_1/inst/ublaze_clk                                    | design_1_i/h_microblaze/axi_timer_0/U0/AXI4_LITE_I/I_SLAVE_ATTACHMENT/bus2ip_addr_i[4]_i_1_n_0                                                                                                                       | design_1_i/h_microblaze/axi_timer_0/U0/AXI4_LITE_I/I_SLAVE_ATTACHMENT/rst                                                                                         |                3 |              4 |
|  design_1_i/clk_wiz_1/inst/ublaze_clk                                    | design_1_i/h_microblaze/axi_timer_0/U0/AXI4_LITE_I/I_SLAVE_ATTACHMENT/I_DECODER/pair0_Select                                                                                                                         | design_1_i/h_microblaze/axi_timer_0/U0/TC_CORE_I/GEN_SECOND_TIMER.COUNTER_1_I/COUNTER_I/SR[0]                                                                     |                2 |              4 |
|  design_1_i/h_microblaze/mdm_1/U0/No_Dbg_Reg_Access.BUFG_DRCK/Dbg_Clk_31 | design_1_i/h_microblaze/mdm_1/U0/MDM_Core_I1/p_0_out                                                                                                                                                                 | design_1_i/h_microblaze/mdm_1/U0/Use_E2.BSCAN_I/AR[0]                                                                                                             |                1 |              4 |
|  design_1_i/clk_wiz_1/inst/ublaze_clk                                    |                                                                                                                                                                                                                      | design_1_i/h_microblaze/microblaze_0_axi_intc/U0/AXI_LITE_IPIF_I/I_SLAVE_ATTACHMENT/clear                                                                         |                1 |              4 |
| ~design_1_i/h_microblaze/mdm_1/U0/Use_E2.BSCAN_I/Ext_JTAG_UPDATE         |                                                                                                                                                                                                                      | design_1_i/h_microblaze/mdm_1/U0/Use_E2.BSCAN_I/AR[0]                                                                                                             |                1 |              4 |
|  design_1_i/h_microblaze/mdm_1/U0/Use_E2.BSCAN_I/Ext_JTAG_UPDATE         | design_1_i/h_microblaze/microblaze_0/U0/MicroBlaze_Core_I/Performance.Core/Use_Debug_Logic.Master_Core.Debug_Perf/Control_Reg_En                                                                                     |                                                                                                                                                                   |                2 |              5 |
|  design_1_i/clk_wiz_1/inst/ublaze_clk                                    | design_1_i/h_microblaze/microblaze_0/U0/MicroBlaze_Core_I/Performance.Core/Decode_I/wb_Halted                                                                                                                        | design_1_i/h_microblaze/microblaze_0/U0/MicroBlaze_Core_I/sync_reset                                                                                              |                2 |              5 |
|  design_1_i/clk_wiz_1/inst/clk                                           | design_1_i/h_bert/data_recovery_0/U0/pipe_ce00                                                                                                                                                                       | design_1_i/util_vector_logic_0/Res[0]                                                                                                                             |                1 |              5 |
|  design_1_i/clk_wiz_1/inst/clk                                           |                                                                                                                                                                                                                      |                                                                                                                                                                   |                3 |              5 |
|  design_1_i/clk_wiz_1/inst/ublaze_clk                                    |                                                                                                                                                                                                                      | design_1_i/h_microblaze/rst_clk_wiz_1_100M/U0/EXT_LPF/lpf_int                                                                                                     |                4 |              5 |
|  design_1_i/h_microblaze/mdm_1/U0/No_Dbg_Reg_Access.BUFG_DRCK/Dbg_Clk_31 | design_1_i/h_microblaze/mdm_1/U0/Use_E2.BSCAN_I/E[0]                                                                                                                                                                 |                                                                                                                                                                   |                1 |              6 |
|  design_1_i/h_microblaze/mdm_1/U0/No_Dbg_Reg_Access.BUFG_DRCK/Dbg_Clk_31 | design_1_i/h_microblaze/mdm_1/U0/Use_E2.BSCAN_I/Use_Serial_Unified_Completion.count_reg[5]_0[0]                                                                                                                      |                                                                                                                                                                   |                3 |              6 |
|  design_1_i/h_microblaze/mdm_1/U0/No_Dbg_Reg_Access.BUFG_DRCK/Dbg_Clk_31 | design_1_i/h_microblaze/mdm_1/U0/MDM_Core_I1/JTAG_CONTROL_I/Use_BSCAN.FDC_I/Use_Serial_Unified_Completion.sample_1_reg[10][0]                                                                                        |                                                                                                                                                                   |                2 |              6 |
|  design_1_i/clk_wiz_1/inst/ublaze_clk                                    |                                                                                                                                                                                                                      | design_1_i/h_microblaze/axi_timer_0/U0/AXI4_LITE_I/I_SLAVE_ATTACHMENT/clear                                                                                       |                2 |              6 |
|  design_1_i/clk_wiz_1/inst/ublaze_clk                                    |                                                                                                                                                                                                                      | design_1_i/h_microblaze/axi_uartlite_0/U0/UARTLITE_CORE_I/UARTLITE_RX_I/SRL_FIFO_I/I_SRL_FIFO_RBU_F/CNTR_INCR_DECR_ADDN_F_I/SS[0]                                 |                2 |              6 |
|  design_1_i/clk_wiz_1/inst/ublaze_clk                                    | design_1_i/h_microblaze/rst_clk_wiz_1_100M/U0/SEQ/seq_cnt_en                                                                                                                                                         | design_1_i/h_microblaze/rst_clk_wiz_1_100M/U0/SEQ/SEQ_COUNTER/clear                                                                                               |                1 |              6 |
|  design_1_i/clk_wiz_1/inst/ublaze_clk                                    |                                                                                                                                                                                                                      | design_1_i/h_microblaze/axi_uartlite_0/U0/UARTLITE_CORE_I/UARTLITE_TX_I/SRL_FIFO_I/I_SRL_FIFO_RBU_F/CNTR_INCR_DECR_ADDN_F_I/SS[0]                                 |                2 |              6 |
|  design_1_i/clk_wiz_1/inst/ublaze_clk                                    | design_1_i/h_microblaze/axi_timer_0/U0/AXI4_LITE_I/I_SLAVE_ATTACHMENT/start2                                                                                                                                         | design_1_i/h_microblaze/axi_timer_0/U0/AXI4_LITE_I/I_SLAVE_ATTACHMENT/I_DECODER/cs_ce_clr                                                                         |                2 |              7 |
|  design_1_i/clk_wiz_1/inst/ublaze_clk                                    |                                                                                                                                                                                                                      | design_1_i/h_microblaze/microblaze_0_axi_intc/U0/AXI_LITE_IPIF_I/I_SLAVE_ATTACHMENT/rst                                                                           |                4 |              7 |
|  design_1_i/clk_wiz_1/inst/ublaze_clk                                    |                                                                                                                                                                                                                      | design_1_i/h_microblaze/axi_timer_0/U0/AXI4_LITE_I/I_SLAVE_ATTACHMENT/rst                                                                                         |                3 |              7 |
|  design_1_i/clk_wiz_1/inst/ublaze_clk                                    | design_1_i/h_microblaze/axi_uartlite_0/U0/UARTLITE_CORE_I/UARTLITE_RX_I/SRL_FIFO_I/I_SRL_FIFO_RBU_F/DYNSHREG_F_I/fifo_wr                                                                                             |                                                                                                                                                                   |                1 |              8 |
|  design_1_i/clk_wiz_1/inst/clk                                           |                                                                                                                                                                                                                      | design_1_i/h_bert/dr_make8_1/U0/reg[7]_i_1_n_0                                                                                                                    |                2 |              8 |
|  design_1_i/clk_wiz_1/inst/clk                                           | design_1_i/h_bert/data_recovery_0/U0/dv[0]                                                                                                                                                                           | design_1_i/h_bert/dr_make8_0/U0/reg[7]_i_1_n_0                                                                                                                    |                2 |              8 |
|  design_1_i/h_microblaze/mdm_1/U0/No_Dbg_Reg_Access.BUFG_DRCK/Dbg_Clk_31 | design_1_i/h_microblaze/mdm_1/U0/MDM_Core_I1/JTAG_CONTROL_I/tdi_shifter0                                                                                                                                             |                                                                                                                                                                   |                3 |              8 |
|  design_1_i/h_microblaze/mdm_1/U0/No_Dbg_Reg_Access.BUFG_DRCK/Dbg_Clk_31 | design_1_i/h_microblaze/microblaze_0/U0/MicroBlaze_Core_I/Performance.Core/Use_Debug_Logic.Master_Core.Debug_Perf/Using_PC_Breakpoints.All_PC_Brks[0].Serial_Interface_1.address_hit_I/Compare[0].SRLC16E_I/which_pc |                                                                                                                                                                   |                7 |              8 |
|  design_1_i/clk_wiz_1/inst/ublaze_clk                                    |                                                                                                                                                                                                                      | design_1_i/h_microblaze/axi_uartlite_0/U0/AXI_LITE_IPIF_I/I_SLAVE_ATTACHMENT/rst                                                                                  |                6 |              8 |
|  design_1_i/h_microblaze/mdm_1/U0/Use_E2.BSCAN_I/Ext_JTAG_UPDATE         | design_1_i/h_microblaze/mdm_1/U0/MDM_Core_I1/JTAG_CONTROL_I/Use_BSCAN.FDC_I/command_1_reg[7]_0[0]                                                                                                                    |                                                                                                                                                                   |                3 |              8 |
|  design_1_i/clk_wiz_1/inst/ublaze_clk                                    | design_1_i/h_microblaze/axi_uartlite_0/U0/AXI_LITE_IPIF_I/I_SLAVE_ATTACHMENT/I_DECODER/fifo_wr                                                                                                                       |                                                                                                                                                                   |                1 |              8 |
|  design_1_i/clk_wiz_1/inst/ublaze_clk                                    | design_1_i/h_microblaze/microblaze_0_axi_intc/U0/AXI_LITE_IPIF_I/I_SLAVE_ATTACHMENT/bus2ip_addr_i[8]_i_1_n_0                                                                                                         | design_1_i/h_microblaze/microblaze_0_axi_intc/U0/AXI_LITE_IPIF_I/I_SLAVE_ATTACHMENT/rst                                                                           |                4 |              8 |
|  design_1_i/clk_wiz_1/inst/ublaze_clk                                    | design_1_i/h_microblaze/axi_timer_0/U0/AXI4_LITE_I/I_SLAVE_ATTACHMENT/I_DECODER/bus2ip_wrce[0]                                                                                                                       | design_1_i/h_microblaze/axi_timer_0/U0/TC_CORE_I/GEN_SECOND_TIMER.COUNTER_1_I/COUNTER_I/SR[0]                                                                     |                2 |              8 |
|  design_1_i/clk_wiz_1/inst/ublaze_clk                                    | design_1_i/h_microblaze/axi_uartlite_0/U0/AXI_LITE_IPIF_I/I_SLAVE_ATTACHMENT/s_axi_rdata_i                                                                                                                           | design_1_i/h_microblaze/axi_uartlite_0/U0/AXI_LITE_IPIF_I/I_SLAVE_ATTACHMENT/rst                                                                                  |                2 |              8 |
| ~design_1_i/h_microblaze/mdm_1/U0/Use_E2.BSCAN_I/Ext_JTAG_UPDATE         | design_1_i/h_microblaze/mdm_1/U0/MDM_Core_I1/JTAG_CONTROL_I/Use_BSCAN.command[0]_i_1_n_0                                                                                                                             |                                                                                                                                                                   |                3 |              8 |
|  design_1_i/clk_wiz_1/inst/ublaze_clk                                    | design_1_i/h_microblaze/axi_timer_0/U0/AXI4_LITE_I/I_SLAVE_ATTACHMENT/I_DECODER/bus2ip_wrce[1]                                                                                                                       | design_1_i/h_microblaze/axi_timer_0/U0/TC_CORE_I/GEN_SECOND_TIMER.COUNTER_1_I/COUNTER_I/SR[0]                                                                     |                4 |              9 |
|  design_1_i/clk_wiz_1/inst/ublaze_clk                                    | design_1_i/h_microblaze/axi_uartlite_0/U0/UARTLITE_CORE_I/BAUD_RATE_I/en_16x_Baud                                                                                                                                    | design_1_i/h_microblaze/axi_uartlite_0/U0/UARTLITE_CORE_I/UARTLITE_RX_I/SR[0]                                                                                     |                2 |             10 |
|  design_1_i/h_microblaze/mdm_1/U0/No_Dbg_Reg_Access.BUFG_DRCK/Dbg_Clk_31 | design_1_i/h_microblaze/mdm_1/U0/MDM_Core_I1/JTAG_CONTROL_I/Use_BSCAN.FDC_I/E[0]                                                                                                                                     |                                                                                                                                                                   |                4 |             10 |
|  design_1_i/clk_wiz_1/inst/ublaze_clk                                    | design_1_i/axi_gpio_0/U0/AXI_LITE_IPIF_I/I_SLAVE_ATTACHMENT/I_DECODER/Dual.gpio2_Data_Out_reg[0][0]                                                                                                                  | design_1_i/axi_gpio_0/U0/AXI_LITE_IPIF_I/I_SLAVE_ATTACHMENT/bus2ip_rnw_i_reg_0                                                                                    |                3 |             10 |
|  design_1_i/clk_wiz_1/inst/ublaze_clk                                    |                                                                                                                                                                                                                      | design_1_i/h_microblaze/microblaze_0_axi_periph/xbar/inst/gen_sasd.crossbar_sasd_0/addr_arbiter_inst/SR[0]                                                        |                4 |             13 |
|  design_1_i/clk_wiz_1/inst/clk                                           | design_1_i/h_bert/address_counter_0/U0/sel                                                                                                                                                                           | design_1_i/h_bert/address_counter_0/U0/addr[13]_i_1_n_0                                                                                                           |                4 |             14 |
|  design_1_i/clk_wiz_1/inst/clk                                           | design_1_i/h_bert/address_counter_0/U0/rep_count[0]_i_1_n_0                                                                                                                                                          | design_1_i/axi_gpio_0/U0/gpio_core_1/gpio2_io_o[0]                                                                                                                |                4 |             16 |
|  design_1_i/clk_wiz_1/inst/ublaze_clk                                    | design_1_i/h_microblaze/microblaze_0/U0/MicroBlaze_Core_I/Performance.Core/Decode_I/PreFetch_Buffer_I1/Instruction_Prefetch_Mux[4].Gen_Instr_DFF/E[0]                                                                | design_1_i/h_microblaze/microblaze_0/U0/MicroBlaze_Core_I/sync_reset                                                                                              |                5 |             16 |
|  design_1_i/clk_wiz_1/inst/ublaze_clk                                    | design_1_i/h_microblaze/microblaze_0_axi_intc/U0/AXI_LITE_IPIF_I/I_SLAVE_ATTACHMENT/start2                                                                                                                           | design_1_i/h_microblaze/microblaze_0_axi_intc/U0/AXI_LITE_IPIF_I/I_SLAVE_ATTACHMENT/I_DECODER/cs_ce_clr                                                           |                5 |             17 |
|  design_1_i/clk_wiz_1/inst/ublaze_clk                                    | design_1_i/h_microblaze/microblaze_0/U0/MicroBlaze_Core_I/Performance.Core/mem_databus_ready_sel_carry_or/MUXCY_I/lopt_4                                                                                             | design_1_i/h_microblaze/microblaze_0/U0/MicroBlaze_Core_I/sync_reset                                                                                              |                8 |             21 |
|  design_1_i/h_microblaze/mdm_1/U0/No_Dbg_Reg_Access.BUFG_DRCK/Dbg_Clk_31 |                                                                                                                                                                                                                      | design_1_i/h_microblaze/mdm_1/U0/Use_E2.BSCAN_I/shift_n_reset                                                                                                     |                4 |             23 |
|  design_1_i/clk_wiz_1/inst/ublaze_clk                                    | design_1_i/h_microblaze/microblaze_0_axi_periph/xbar/inst/gen_sasd.crossbar_sasd_0/addr_arbiter_inst/p_0_in1_in                                                                                                      | design_1_i/h_microblaze/microblaze_0_axi_periph/xbar/inst/gen_sasd.crossbar_sasd_0/addr_arbiter_inst/SR[0]                                                        |                5 |             23 |
|  design_1_i/clk_wiz_1/inst/ublaze_clk                                    |                                                                                                                                                                                                                      | design_1_i/h_microblaze/microblaze_0_axi_intc/U0/INTC_CORE_I/SR[0]                                                                                                |                8 |             27 |
|  design_1_i/clk_wiz_1/inst/ublaze_clk                                    |                                                                                                                                                                                                                      | design_1_i/h_microblaze/axi_uartlite_0/U0/UARTLITE_CORE_I/UARTLITE_RX_I/SR[0]                                                                                     |                8 |             29 |
|  design_1_i/clk_wiz_1/inst/ublaze_clk                                    | design_1_i/h_microblaze/microblaze_0/U0/MicroBlaze_Core_I/Performance.Core/mem_databus_ready_sel_carry_or/MUXCY_I/lopt_4                                                                                             | design_1_i/h_microblaze/microblaze_0/U0/MicroBlaze_Core_I/Performance.Core/Decode_I/SR[0]                                                                         |                9 |             32 |
|  design_1_i/clk_wiz_1/inst/ublaze_clk                                    |                                                                                                                                                                                                                      | design_1_i/h_microblaze/microblaze_0/U0/MicroBlaze_Core_I/Performance.Core/Use_DLMB.wb_dlmb_valid_read_data[0]_i_1_n_0                                            |                9 |             32 |
|  design_1_i/clk_wiz_1/inst/ublaze_clk                                    | design_1_i/h_microblaze/microblaze_0_axi_intc/U0/AXI_LITE_IPIF_I/I_SLAVE_ATTACHMENT/s_axi_rdata_i                                                                                                                    | design_1_i/h_microblaze/microblaze_0_axi_intc/U0/AXI_LITE_IPIF_I/I_SLAVE_ATTACHMENT/rst                                                                           |               10 |             32 |
|  design_1_i/clk_wiz_1/inst/ublaze_clk                                    | design_1_i/axi_gpio_0/U0/AXI_LITE_IPIF_I/I_SLAVE_ATTACHMENT/s_axi_rdata_i                                                                                                                                            | design_1_i/axi_gpio_0/U0/AXI_LITE_IPIF_I/I_SLAVE_ATTACHMENT/bus2ip_rnw_i_reg_0                                                                                    |                9 |             32 |
|  design_1_i/h_microblaze/mdm_1/U0/No_Dbg_Reg_Access.BUFG_DRCK/Dbg_Clk_31 | design_1_i/h_microblaze/microblaze_0/U0/MicroBlaze_Core_I/Performance.Core/Use_Debug_Logic.Master_Core.Debug_Perf/New_Dbg_Instr_TCK                                                                                  |                                                                                                                                                                   |                8 |             32 |
|  design_1_i/clk_wiz_1/inst/ublaze_clk                                    | design_1_i/h_microblaze/microblaze_0_axi_periph/xbar/inst/gen_sasd.crossbar_sasd_0/reg_slice_r/s_axi_rvalid[0]                                                                                                       | design_1_i/h_microblaze/microblaze_0/U0/MicroBlaze_Core_I/sync_reset                                                                                              |                9 |             32 |
|  design_1_i/clk_wiz_1/inst/ublaze_clk                                    | design_1_i/axi_gpio_0/U0/AXI_LITE_IPIF_I/I_SLAVE_ATTACHMENT/I_DECODER/Dual.gpio_OE_reg[0][0]                                                                                                                         | design_1_i/axi_gpio_0/U0/AXI_LITE_IPIF_I/I_SLAVE_ATTACHMENT/bus2ip_rnw_i_reg_0                                                                                    |                5 |             32 |
|  design_1_i/clk_wiz_1/inst/ublaze_clk                                    | design_1_i/h_microblaze/axi_timer_0/U0/AXI4_LITE_I/I_SLAVE_ATTACHMENT/I_DECODER/bus2ip_wrce__0[0]                                                                                                                    | design_1_i/h_microblaze/axi_timer_0/U0/TC_CORE_I/GEN_SECOND_TIMER.COUNTER_1_I/COUNTER_I/SR[0]                                                                     |                9 |             32 |
|  design_1_i/clk_wiz_1/inst/ublaze_clk                                    | design_1_i/h_microblaze/axi_timer_0/U0/TC_CORE_I/TIMER_CONTROL_I/INPUT_DOUBLE_REGS3/E[0]                                                                                                                             | design_1_i/h_microblaze/axi_timer_0/U0/TC_CORE_I/GEN_SECOND_TIMER.COUNTER_1_I/COUNTER_I/SR[0]                                                                     |                5 |             32 |
|  design_1_i/clk_wiz_1/inst/clk                                           |                                                                                                                                                                                                                      | design_1_i/util_vector_logic_0/Res[0]                                                                                                                             |                7 |             32 |
|  design_1_i/clk_wiz_1/inst/ublaze_clk                                    | design_1_i/h_microblaze/axi_timer_0/U0/TC_CORE_I/TIMER_CONTROL_I/INPUT_DOUBLE_REGS3/INFERRED_GEN.icount_out_reg[0][0]                                                                                                | design_1_i/h_microblaze/axi_timer_0/U0/TC_CORE_I/GEN_SECOND_TIMER.COUNTER_1_I/COUNTER_I/SR[0]                                                                     |                5 |             32 |
|  design_1_i/clk_wiz_1/inst/ublaze_clk                                    | design_1_i/h_microblaze/axi_timer_0/U0/TC_CORE_I/TIMER_CONTROL_I/LOAD_REG_GEN[24].LOAD_REG_I                                                                                                                         | design_1_i/h_microblaze/axi_timer_0/U0/TC_CORE_I/GEN_SECOND_TIMER.COUNTER_1_I/COUNTER_I/SR[0]                                                                     |               10 |             32 |
|  design_1_i/clk_wiz_1/inst/ublaze_clk                                    | design_1_i/h_microblaze/microblaze_0_axi_intc/U0/INTC_CORE_I/irq                                                                                                                                                     |                                                                                                                                                                   |                7 |             32 |
|  design_1_i/clk_wiz_1/inst/ublaze_clk                                    | design_1_i/h_microblaze/microblaze_0_axi_periph/xbar/inst/gen_sasd.crossbar_sasd_0/reg_slice_r/aa_rready                                                                                                             |                                                                                                                                                                   |                5 |             32 |
|  design_1_i/clk_wiz_1/inst/ublaze_clk                                    | design_1_i/h_microblaze/microblaze_0/U0/MicroBlaze_Core_I/Performance.Core/Decode_I/Use_MuxCy[2].OF_Piperun_Stage/MUXCY_I/lopt_1                                                                                     | design_1_i/h_microblaze/microblaze_0/U0/MicroBlaze_Core_I/Performance.Core/Decode_I/R                                                                             |               12 |             32 |
|  design_1_i/clk_wiz_1/inst/ublaze_clk                                    | design_1_i/h_microblaze/axi_timer_0/U0/AXI4_LITE_I/I_SLAVE_ATTACHMENT/s_axi_rdata_i[31]_i_1_n_0                                                                                                                      | design_1_i/h_microblaze/axi_timer_0/U0/AXI4_LITE_I/I_SLAVE_ATTACHMENT/rst                                                                                         |               32 |             32 |
|  design_1_i/clk_wiz_1/inst/ublaze_clk                                    | design_1_i/h_microblaze/microblaze_0/U0/MicroBlaze_Core_I/Performance.Core/Decode_I/Use_MuxCy[3].OF_Piperun_Stage/MUXCY_I/E[0]                                                                                       | design_1_i/h_microblaze/microblaze_0/U0/MicroBlaze_Core_I/sync_reset                                                                                              |                6 |             32 |
|  design_1_i/clk_wiz_1/inst/ublaze_clk                                    | design_1_i/h_microblaze/microblaze_0/U0/MicroBlaze_Core_I/Performance.Core/Decode_I/jump_logic_I1/MUXCY_JUMP_CARRY6/if_pc_reg[0][0]                                                                                  | design_1_i/h_microblaze/microblaze_0/U0/MicroBlaze_Core_I/sync_reset                                                                                              |                6 |             32 |
|  design_1_i/clk_wiz_1/inst/ublaze_clk                                    | design_1_i/h_microblaze/microblaze_0/U0/MicroBlaze_Core_I/Performance.Core/Use_Debug_Logic.Master_Core.Debug_Perf/data_rd_reg[0]_i_1_n_0                                                                             | design_1_i/h_microblaze/microblaze_0/U0/MicroBlaze_Core_I/sync_reset                                                                                              |                9 |             32 |
|  design_1_i/clk_wiz_1/inst/ublaze_clk                                    | design_1_i/h_microblaze/microblaze_0_axi_periph/xbar/inst/gen_sasd.crossbar_sasd_0/addr_arbiter_inst/E[0]                                                                                                            |                                                                                                                                                                   |                7 |             33 |
|  design_1_i/clk_wiz_1/inst/ublaze_clk                                    | design_1_i/h_microblaze/microblaze_0/U0/MicroBlaze_Core_I/Performance.Core/mem_databus_ready_sel_carry_or/MUXCY_I/lopt_4                                                                                             |                                                                                                                                                                   |                9 |             34 |
|  design_1_i/clk_wiz_1/inst/ublaze_clk                                    |                                                                                                                                                                                                                      | design_1_i/axi_gpio_0/U0/AXI_LITE_IPIF_I/I_SLAVE_ATTACHMENT/I_DECODER/Read_Reg_Rst                                                                                |               11 |             42 |
|  design_1_i/clk_wiz_1/inst/ublaze_clk                                    |                                                                                                                                                                                                                      | design_1_i/axi_gpio_0/U0/AXI_LITE_IPIF_I/I_SLAVE_ATTACHMENT/bus2ip_rnw_i_reg_0                                                                                    |               15 |             43 |
|  design_1_i/h_microblaze/mdm_1/U0/No_Dbg_Reg_Access.BUFG_DRCK/Dbg_Clk_31 | design_1_i/h_microblaze/mdm_1/U0/Use_E2.BSCAN_I/Dbg_Capture_0                                                                                                                                                        |                                                                                                                                                                   |               12 |             47 |
|  design_1_i/clk_wiz_1/inst/ublaze_clk                                    | design_1_i/h_microblaze/microblaze_0_axi_intc/U0/AXI_LITE_IPIF_I/I_SLAVE_ATTACHMENT/I_DECODER/bus2ip_wrce[0]                                                                                                         |                                                                                                                                                                   |                8 |             64 |
|  design_1_i/clk_wiz_1/inst/ublaze_clk                                    | design_1_i/h_microblaze/microblaze_0/U0/MicroBlaze_Core_I/Performance.Core/Use_Debug_Logic.Master_Core.Debug_Perf/Using_FPGA.Native_0                                                                                |                                                                                                                                                                   |               11 |             75 |
|  design_1_i/h_microblaze/mdm_1/U0/No_Dbg_Reg_Access.BUFG_DRCK/Dbg_Clk_31 |                                                                                                                                                                                                                      |                                                                                                                                                                   |               36 |             80 |
|  design_1_i/clk_wiz_1/inst/ublaze_clk                                    | design_1_i/h_microblaze/microblaze_0/U0/MicroBlaze_Core_I/Performance.Core/Decode_I/Use_MuxCy[2].OF_Piperun_Stage/MUXCY_I/lopt_1                                                                                     | design_1_i/h_microblaze/microblaze_0/U0/MicroBlaze_Core_I/sync_reset                                                                                              |               30 |             80 |
|  design_1_i/clk_wiz_1/inst/ublaze_clk                                    | design_1_i/h_microblaze/microblaze_0/U0/MicroBlaze_Core_I/Performance.Core/Decode_I/mb_halted_1_reg[24]                                                                                                              |                                                                                                                                                                   |               16 |            128 |
|  design_1_i/clk_wiz_1/inst/ublaze_clk                                    |                                                                                                                                                                                                                      | design_1_i/h_microblaze/microblaze_0/U0/MicroBlaze_Core_I/sync_reset                                                                                              |               68 |            145 |
|  design_1_i/clk_wiz_1/inst/ublaze_clk                                    | design_1_i/h_microblaze/microblaze_0/U0/MicroBlaze_Core_I/Performance.Core/Decode_I/Use_MuxCy[10].OF_Piperun_Stage/MUXCY_I/lopt_1                                                                                    | design_1_i/h_microblaze/microblaze_0/U0/MicroBlaze_Core_I/sync_reset                                                                                              |               89 |            221 |
|  design_1_i/clk_wiz_1/inst/ublaze_clk                                    |                                                                                                                                                                                                                      |                                                                                                                                                                   |               98 |            350 |
+--------------------------------------------------------------------------+----------------------------------------------------------------------------------------------------------------------------------------------------------------------------------------------------------------------+-------------------------------------------------------------------------------------------------------------------------------------------------------------------+------------------+----------------+


+--------+-----------------------+
| Fanout | Number of ControlSets |
+--------+-----------------------+
| 1      |                    18 |
| 2      |                     2 |
| 3      |                     1 |
| 4      |                    11 |
| 5      |                     5 |
| 6      |                     7 |
| 7      |                     3 |
| 8      |                    12 |
| 9      |                     1 |
| 10     |                     3 |
| 13     |                     1 |
| 14     |                     1 |
| 16+    |                    40 |
+--------+-----------------------+


